// Jest Snapshot v1, https://goo.gl/fbAQLP

exports[`Operations component test snapshot test 1`] = `
<div
  className="search-group"
>
  <button
    className="btn btn-primary btn-long btn-sm mr-8"
    id="btn-search"
    onClick={[MockFunction]}
    type="button"
  >
    <i
      className="fa fa-search"
    />
  </button>
  <button
    className="btn btn-sm btn-primary mr-8"
    data-bind="css: {'btn-magenta': isAdvanceSearch, 'btn-primary': !isAdvanceSearch()}"
    data-target="#advanSearch"
    data-toggle="modal"
    onClick={[MockFunction]}
    type="button"
  >
    <i
      className="fa fa-bars"
    />
  </button>
  <div
    className="btn-group"
    id="filterContainer"
  >
    <button
      aria-expanded="false"
      aria-haspopup="true"
      className="btn btn-primary btn-sm dropdown-toggle"
      data-bind="click: filterContext.filterListContext.render.bind(filterContext.filterListContext)"
      data-toggle="dropdown"
      name="OpenFilterContainerBtn"
      type="button"
    >
      <i
        className="fa fa-filter"
      />
    </button>
    <div
      id="management_filterContainer"
    >
      <div
        data-bind="with: filterContext.filterListContext.filterManagementContext"
        id="filter_management_model_management_filterContainer"
        style={
          Object {
            "display": "none",
          }
        }
      />
    </div>
  </div>
</div>
`;
