// Jest Snapshot v1, https://goo.gl/fbAQLP

exports[`NoData component test NoData snapshot test 1`] = `
<div
  className="no-data-content"
  style={
    Object {
      "height": "100%",
    }
  }
>
  <div
    className="no-data"
  >
    <img
      src="../Sources/images/pegman/no-dashboard.png"
    />
    <h4>
      No result found
    </h4>
    <p>
      Please try to search again.
    </p>
  </div>
</div>
`;
