// Jest Snapshot v1, https://goo.gl/fbAQLP

exports[`Spin component test Spin snapshot test 1`] = `
<div
  className="loader"
  style={
    Object {
      "margin": "20px auto",
      "width": 50,
    }
  }
>
  <svg
    className="circular"
    viewBox="25 25 50 50"
  >
    <circle
      className="path"
      cx="50"
      cy="50"
      fill="none"
      r="20"
      stroke-miterlimit="10"
      stroke-width={3}
    />
  </svg>
</div>
`;
